[debug] [2025-11-27T13:13:03.203Z] ----------------------------------------------------------------------
[debug] [2025-11-27T13:13:03.209Z] Command:       C:\Program Files\nodejs\node.exe C:\Users\MyComputer\AppData\Roaming\npm\node_modules\firebase-tools\lib\bin\firebase.js deploy
[debug] [2025-11-27T13:13:03.210Z] CLI Version:   14.24.2
[debug] [2025-11-27T13:13:03.210Z] Platform:      win32
[debug] [2025-11-27T13:13:03.210Z] Node Version:  v22.18.0
[debug] [2025-11-27T13:13:03.211Z] Time:          Thu Nov 27 2025 18:43:03 GMT+0530 (India Standard Time)
[debug] [2025-11-27T13:13:03.211Z] ----------------------------------------------------------------------
[debug] 
[debug] [2025-11-27T13:13:03.710Z] > command requires scopes: ["email","openid","https://www.googleapis.com/auth/cloudplatformprojects.readonly","https://www.googleapis.com/auth/firebase","https://www.googleapis.com/auth/cloud-platform"]
[debug] [2025-11-27T13:13:03.711Z] > authorizing via signed-in user (nagaraj581@gmail.com)
[debug] [2025-11-27T13:13:03.711Z] [iam] checking project shg-bookkeeping-app for permissions ["firebase.projects.get","firebasehosting.sites.update"]
[debug] [2025-11-27T13:13:03.713Z] Checked if tokens are valid: true, expires at: 1764252220357
[debug] [2025-11-27T13:13:03.714Z] Checked if tokens are valid: true, expires at: 1764252220357
[debug] [2025-11-27T13:13:03.716Z] >>> [apiv2][query] POST https://cloudresourcemanager.googleapis.com/v1/projects/shg-bookkeeping-app:testIamPermissions [none]
[debug] [2025-11-27T13:13:03.716Z] >>> [apiv2][(partial)header] POST https://cloudresourcemanager.googleapis.com/v1/projects/shg-bookkeeping-app:testIamPermissions x-goog-quota-user=projects/shg-bookkeeping-app
[debug] [2025-11-27T13:13:03.716Z] >>> [apiv2][body] POST https://cloudresourcemanager.googleapis.com/v1/projects/shg-bookkeeping-app:testIamPermissions {"permissions":["firebase.projects.get","firebasehosting.sites.update"]}
[debug] [2025-11-27T13:13:10.001Z] <<< [apiv2][status] POST https://cloudresourcemanager.googleapis.com/v1/projects/shg-bookkeeping-app:testIamPermissions 200
[debug] [2025-11-27T13:13:10.001Z] <<< [apiv2][body] POST https://cloudresourcemanager.googleapis.com/v1/projects/shg-bookkeeping-app:testIamPermissions {"permissions":["firebase.projects.get","firebasehosting.sites.update"]}
[debug] [2025-11-27T13:13:10.003Z] Checked if tokens are valid: true, expires at: 1764252220357
[debug] [2025-11-27T13:13:10.004Z] Checked if tokens are valid: true, expires at: 1764252220357
[debug] [2025-11-27T13:13:10.005Z] >>> [apiv2][query] GET https://firebase.googleapis.com/v1beta1/projects/shg-bookkeeping-app [none]
[debug] [2025-11-27T13:13:12.144Z] <<< [apiv2][status] GET https://firebase.googleapis.com/v1beta1/projects/shg-bookkeeping-app 200
[debug] [2025-11-27T13:13:12.145Z] <<< [apiv2][body] GET https://firebase.googleapis.com/v1beta1/projects/shg-bookkeeping-app {"projectId":"shg-bookkeeping-app","projectNumber":"119893719501","displayName":"SHG Bookkeeping App","name":"projects/shg-bookkeeping-app","resources":{"hostingSite":"shg-bookkeeping-app"},"state":"ACTIVE","etag":"1_8dd407df-0c9f-4b1a-993f-d0ad2acbd656"}
[info] 
[info] === Deploying to 'shg-bookkeeping-app'...
[info] 
[info] i  deploying hosting 
[debug] [2025-11-27T13:13:12.185Z] Checked if tokens are valid: true, expires at: 1764252220357
[debug] [2025-11-27T13:13:12.185Z] Checked if tokens are valid: true, expires at: 1764252220357
[debug] [2025-11-27T13:13:12.186Z] >>> [apiv2][query] POST https://firebasehosting.googleapis.com/v1beta1/projects/-/sites/shg-bookkeeping-app/versions [none]
[debug] [2025-11-27T13:13:12.186Z] >>> [apiv2][body] POST https://firebasehosting.googleapis.com/v1beta1/projects/-/sites/shg-bookkeeping-app/versions {"status":"CREATED","labels":{"deployment-tool":"cli-firebase"}}
[debug] [2025-11-27T13:13:17.125Z] <<< [apiv2][status] POST https://firebasehosting.googleapis.com/v1beta1/projects/-/sites/shg-bookkeeping-app/versions 200
[debug] [2025-11-27T13:13:17.126Z] <<< [apiv2][body] POST https://firebasehosting.googleapis.com/v1beta1/projects/-/sites/shg-bookkeeping-app/versions {"name":"projects/119893719501/sites/shg-bookkeeping-app/versions/263cdff94a52b5af","status":"CREATED","config":{},"labels":{"deployment-tool":"cli-firebase"}}
[info] i  hosting[shg-bookkeeping-app]: beginning deploy... 
[info] i  hosting[shg-bookkeeping-app]: found 19 files in build 
[debug] [2025-11-27T13:13:17.201Z] [hosting] uploading with 200 concurrency
[debug] [2025-11-27T13:13:18.650Z] Checked if tokens are valid: true, expires at: 1764252220357
[debug] [2025-11-27T13:13:18.650Z] Checked if tokens are valid: true, expires at: 1764252220357
[debug] [2025-11-27T13:13:18.652Z] [hosting] hash cache [YnVpbGQ] stored for 19 files
[debug] [2025-11-27T13:13:18.653Z] [hosting][hash queue][FINAL] {"max":1437,"min":10,"avg":131.94736842105263,"active":0,"complete":19,"success":19,"errored":0,"retried":0,"total":19,"elapsed":1446}
[debug] [2025-11-27T13:13:18.653Z] >>> [apiv2][query] POST https://firebasehosting.googleapis.com/v1beta1/projects/119893719501/sites/shg-bookkeeping-app/versions/263cdff94a52b5af:populateFiles [none]
[debug] [2025-11-27T13:13:18.653Z] >>> [apiv2][body] POST https://firebasehosting.googleapis.com/v1beta1/projects/119893719501/sites/shg-bookkeeping-app/versions/263cdff94a52b5af:populateFiles {"files":{"/robots.txt":"bfe106a3fb878dc83461c86818bf74fc1bdc7f28538ba613cd3e775516ce8b49","/manifest.json":"ee04fb47e525c67d8424ffe9b4d8a8a24e434504478afca4e0ca602146836d4c","/logo512.png":"212b102aa09e51b3b3e06647e81f7801a61333e171f6582e8124379aabccb41d","/logo192.png":"79e2b749561016bc8af300ea19f48347ceed3cb1a54f48ae456172eca45e08f0","/favicon.ico":"27edce7be5922cf0bef7d4136f69b5bfbdd5bf8c13c7b026f71187d41a00aa7d","/index.html":"4eb5fdd4e1e53884897734947498e5808897bdadc8de26e5ffe5545e9dc67ea5","/asset-manifest.json":"59cdc951fe320e2a45f8f8f0c5490e953bc0c8cee2b217f173564a4d49a669c5","/static/js/main.09c00834.js.LICENSE.txt":"4b0f286a6975b45ac01850fe7c42c1d0a7f5069b7eff5c6d0a1eaeef83c4138c","/static/js/977.300ab63c.chunk.js.LICENSE.txt":"e991e2f93f32046a03ff9dd779c7f0bb3e32c27b65efaca5adc1e577c266d509","/static/js/977.300ab63c.chunk.js":"b6e48ab2272960cd618efdfb7d0f04dc42cf46f1e81daa7eed066c0e29f27de3","/static/js/453.4118bdfd.chunk.js.map":"11bd50f545178652480b8d35c949d3218e6e406d67cb4d3074d575a20321f878","/static/js/453.4118bdfd.chunk.js":"0be41e91c42abe2a2eda9aa9465d4b7f36c5a7fc19902b106bdfd681a9d8c2ff","/static/js/977.300ab63c.chunk.js.map":"9b6026b118f4faea039b5735f050e576b0ce08a98bacd7f0ebf5c015e88b3df0","/static/js/455.6f9a4b79.chunk.js":"1a752ab52bd10c52baa725794149db578c3eb25026a855c9635e3c26d19ffcc9","/static/css/main.b9604015.css":"eee618d387d6be1476b4de86f18ec7c54cd1704bda4f4dd3276be705754ea11c","/static/js/455.6f9a4b79.chunk.js.map":"6e62f30c30aca50385e2906db6c0c9d0c48c5cbcc4bd10d3be9e67fbeb5265e0","/static/css/main.b9604015.css.map":"d352303ec510952a27098df01b98f6ca8ed855b86994436ecf56213fff726519","/static/js/main.09c00834.js":"8ac8268cf745dd2243dd4b7a8739c7685bad163e1436d55e5a4964197305438b","/static/js/main.09c00834.js.map":"6baeea97fc1af46dc2a1514316e7c0417a407fa8f969df71c667062ad085d410"}}
[debug] [2025-11-27T13:13:25.764Z] <<< [apiv2][status] POST https://firebasehosting.googleapis.com/v1beta1/projects/119893719501/sites/shg-bookkeeping-app/versions/263cdff94a52b5af:populateFiles 200
[debug] [2025-11-27T13:13:25.766Z] <<< [apiv2][body] POST https://firebasehosting.googleapis.com/v1beta1/projects/119893719501/sites/shg-bookkeeping-app/versions/263cdff94a52b5af:populateFiles {"uploadUrl":"https://upload-firebasehosting.googleapis.com/upload/sites/shg-bookkeeping-app/versions/263cdff94a52b5af/files"}
[debug] [2025-11-27T13:13:25.768Z] [hosting][populate queue][FINAL] {"max":7118,"min":7118,"avg":7118,"active":0,"complete":1,"success":1,"errored":0,"retried":0,"total":1,"elapsed":7118}
[debug] [2025-11-27T13:13:25.770Z] [hosting] uploads queued: 0
[debug] [2025-11-27T13:13:25.772Z] [hosting][upload queue][FINAL] {"max":0,"min":9999999999,"avg":0,"active":0,"complete":0,"success":0,"errored":0,"retried":0,"total":0,"elapsed":1764249205772}
[info] +  hosting[shg-bookkeeping-app]: file upload complete 
[debug] [2025-11-27T13:13:25.779Z] [hosting] deploy completed after 8636ms
[debug] [2025-11-27T13:13:25.780Z] [
  {
    "config": {
      "public": "build",
      "ignore": [
        "firebase.json",
        "**/.*",
        "**/node_modules/**"
      ],
      "rewrites": [
        {
          "source": "**",
          "destination": "/index.html"
        }
      ],
      "site": "shg-bookkeeping-app"
    },
    "version": "projects/119893719501/sites/shg-bookkeeping-app/versions/263cdff94a52b5af"
  }
]
[info] i  hosting[shg-bookkeeping-app]: finalizing version... 
[debug] [2025-11-27T13:13:25.801Z] Checked if tokens are valid: true, expires at: 1764252220357
[debug] [2025-11-27T13:13:25.802Z] Checked if tokens are valid: true, expires at: 1764252220357
[debug] [2025-11-27T13:13:25.805Z] >>> [apiv2][query] PATCH https://firebasehosting.googleapis.com/v1beta1/projects/-/sites/shg-bookkeeping-app/versions/263cdff94a52b5af updateMask=status%2Cconfig
[debug] [2025-11-27T13:13:25.805Z] >>> [apiv2][body] PATCH https://firebasehosting.googleapis.com/v1beta1/projects/-/sites/shg-bookkeeping-app/versions/263cdff94a52b5af {"status":"FINALIZED","config":{"rewrites":[{"glob":"**","path":"/index.html"}]}}
[debug] [2025-11-27T13:13:28.490Z] <<< [apiv2][status] PATCH https://firebasehosting.googleapis.com/v1beta1/projects/-/sites/shg-bookkeeping-app/versions/263cdff94a52b5af 200
[debug] [2025-11-27T13:13:28.491Z] <<< [apiv2][body] PATCH https://firebasehosting.googleapis.com/v1beta1/projects/-/sites/shg-bookkeeping-app/versions/263cdff94a52b5af {"name":"projects/119893719501/sites/shg-bookkeeping-app/versions/263cdff94a52b5af","status":"FINALIZED","config":{"rewrites":[{"glob":"**","path":"/index.html"}]},"labels":{"deployment-tool":"cli-firebase"},"createTime":"2025-11-27T13:13:15.719284Z","createUser":{"email":"Nagaraj581@gmail.com"},"finalizeTime":"2025-11-27T13:13:27.715213Z","finalizeUser":{"email":"Nagaraj581@gmail.com"}}
[debug] [2025-11-27T13:13:28.491Z] [hosting] finalized version for shg-bookkeeping-app:[object Object]
[info] +  hosting[shg-bookkeeping-app]: version finalized 
[info] i  hosting[shg-bookkeeping-app]: releasing new version... 
[debug] [2025-11-27T13:13:28.494Z] Checked if tokens are valid: true, expires at: 1764252220357
[debug] [2025-11-27T13:13:28.495Z] Checked if tokens are valid: true, expires at: 1764252220357
[debug] [2025-11-27T13:13:28.495Z] >>> [apiv2][query] POST https://firebasehosting.googleapis.com/v1beta1/projects/-/sites/shg-bookkeeping-app/channels/live/releases versionName=projects%2F119893719501%2Fsites%2Fshg-bookkeeping-app%2Fversions%2F263cdff94a52b5af
[debug] [2025-11-27T13:13:28.495Z] >>> [apiv2][body] POST https://firebasehosting.googleapis.com/v1beta1/projects/-/sites/shg-bookkeeping-app/channels/live/releases {}
[debug] [2025-11-27T13:13:31.048Z] <<< [apiv2][status] POST https://firebasehosting.googleapis.com/v1beta1/projects/-/sites/shg-bookkeeping-app/channels/live/releases 200
[debug] [2025-11-27T13:13:31.049Z] <<< [apiv2][body] POST https://firebasehosting.googleapis.com/v1beta1/projects/-/sites/shg-bookkeeping-app/channels/live/releases {"name":"projects/119893719501/sites/shg-bookkeeping-app/channels/live/releases/1764249209462000","version":{"name":"projects/119893719501/sites/shg-bookkeeping-app/versions/263cdff94a52b5af","status":"FINALIZED","config":{"rewrites":[{"glob":"**","path":"/index.html"}]},"labels":{"deployment-tool":"cli-firebase"},"createTime":"2025-11-27T13:13:15.719284Z","createUser":{"email":"Nagaraj581@gmail.com","imageUrl":"https://lh3.googleusercontent.com/a/ACg8ocLiU8Y2xNK9Sw42XpHGD0x5QUbeSTQe6wzNhOPRGs_QkbF_SESf0A"},"finalizeTime":"2025-11-27T13:13:27.715213Z","finalizeUser":{"email":"Nagaraj581@gmail.com","imageUrl":"https://lh3.googleusercontent.com/a/ACg8ocLiU8Y2xNK9Sw42XpHGD0x5QUbeSTQe6wzNhOPRGs_QkbF_SESf0A"}},"type":"DEPLOY","releaseTime":"2025-11-27T13:13:29.462Z","releaseUser":{"email":"Nagaraj581@gmail.com","imageUrl":"https://lh3.googleusercontent.com/a/ACg8ocLiU8Y2xNK9Sw42XpHGD0x5QUbeSTQe6wzNhOPRGs_QkbF_SESf0A"}}
[debug] [2025-11-27T13:13:31.049Z] [hosting] release: {"name":"projects/119893719501/sites/shg-bookkeeping-app/channels/live/releases/1764249209462000","version":{"name":"projects/119893719501/sites/shg-bookkeeping-app/versions/263cdff94a52b5af","status":"FINALIZED","config":{"rewrites":[{"glob":"**","path":"/index.html"}]},"labels":{"deployment-tool":"cli-firebase"},"createTime":"2025-11-27T13:13:15.719284Z","createUser":{"email":"Nagaraj581@gmail.com","imageUrl":"https://lh3.googleusercontent.com/a/ACg8ocLiU8Y2xNK9Sw42XpHGD0x5QUbeSTQe6wzNhOPRGs_QkbF_SESf0A"},"finalizeTime":"2025-11-27T13:13:27.715213Z","finalizeUser":{"email":"Nagaraj581@gmail.com","imageUrl":"https://lh3.googleusercontent.com/a/ACg8ocLiU8Y2xNK9Sw42XpHGD0x5QUbeSTQe6wzNhOPRGs_QkbF_SESf0A"}},"type":"DEPLOY","releaseTime":"2025-11-27T13:13:29.462Z","releaseUser":{"email":"Nagaraj581@gmail.com","imageUrl":"https://lh3.googleusercontent.com/a/ACg8ocLiU8Y2xNK9Sw42XpHGD0x5QUbeSTQe6wzNhOPRGs_QkbF_SESf0A"}}
[info] +  hosting[shg-bookkeeping-app]: release complete 
[info] 
[info] +  Deploy complete! 
[info] 
[info] Project Console: https://console.firebase.google.com/project/shg-bookkeeping-app/overview
[info] Hosting URL: https://shg-bookkeeping-app.web.app
[debug] [2025-11-27T13:13:40.395Z] Error: Timed out.
    at Timeout.<anonymous> (C:\Users\MyComputer\AppData\Roaming\npm\node_modules\firebase-tools\lib\utils.js:275:49)
    at listOnTimeout (node:internal/timers:588:17)
    at process.processTimers (node:internal/timers:523:7)
[error] 
[error] Error: An unexpected error has occurred.
